CPU Reset (CPU 0)
EAX=00000000 EBX=00000000 ECX=00000000 EDX=00060fb1
ESI=00000000 EDI=00000000 EBP=00000000 ESP=00000000
EIP=0000fff0 EFL=00000002 [-------] CPL=0 II=0 A20=1 SMM=0 HLT=0
ES =0000 00000000 0000ffff 00009300
CS =f000 ffff0000 0000ffff 00009b00
SS =0000 00000000 0000ffff 00009300
DS =0000 00000000 0000ffff 00009300
FS =0000 00000000 0000ffff 00009300
GS =0000 00000000 0000ffff 00009300
LDT=0000 00000000 0000ffff 00008200
TR =0000 00000000 0000ffff 00008b00
GDT=     00000000 0000ffff
IDT=     00000000 0000ffff
CR0=60000010 CR2=00000000 CR3=00000000 CR4=00000000
DR0=0000000000000000 DR1=0000000000000000 DR2=0000000000000000 DR3=0000000000000000 
DR6=00000000ffff0ff0 DR7=0000000000000400
CCS=00000000 CCD=00000000 CCO=EFLAGS
EFER=0000000000000000
FCW=037f FSW=0000 [ST=0] FTW=00 MXCSR=00001f80
FPR0=0000000000000000 0000 FPR1=0000000000000000 0000
FPR2=0000000000000000 0000 FPR3=0000000000000000 0000
FPR4=0000000000000000 0000 FPR5=0000000000000000 0000
FPR6=0000000000000000 0000 FPR7=0000000000000000 0000
XMM00=0000000000000000 0000000000000000 XMM01=0000000000000000 0000000000000000
XMM02=0000000000000000 0000000000000000 XMM03=0000000000000000 0000000000000000
XMM04=0000000000000000 0000000000000000 XMM05=0000000000000000 0000000000000000
XMM06=0000000000000000 0000000000000000 XMM07=0000000000000000 0000000000000000
CPU Reset (CPU 0)
EAX=00000000 EBX=00000000 ECX=00000000 EDX=00060fb1
ESI=00000000 EDI=00000000 EBP=00000000 ESP=00000000
EIP=0000fff0 EFL=00000002 [-------] CPL=0 II=0 A20=1 SMM=0 HLT=0
ES =0000 00000000 0000ffff 00009300
CS =f000 ffff0000 0000ffff 00009b00
SS =0000 00000000 0000ffff 00009300
DS =0000 00000000 0000ffff 00009300
FS =0000 00000000 0000ffff 00009300
GS =0000 00000000 0000ffff 00009300
LDT=0000 00000000 0000ffff 00008200
TR =0000 00000000 0000ffff 00008b00
GDT=     00000000 0000ffff
IDT=     00000000 0000ffff
CR0=60000010 CR2=00000000 CR3=00000000 CR4=00000000
DR0=0000000000000000 DR1=0000000000000000 DR2=0000000000000000 DR3=0000000000000000 
DR6=00000000ffff0ff0 DR7=0000000000000400
CCS=00000000 CCD=00000000 CCO=EFLAGS
EFER=0000000000000000
FCW=037f FSW=0000 [ST=0] FTW=00 MXCSR=00001f80
FPR0=0000000000000000 0000 FPR1=0000000000000000 0000
FPR2=0000000000000000 0000 FPR3=0000000000000000 0000
FPR4=0000000000000000 0000 FPR5=0000000000000000 0000
FPR6=0000000000000000 0000 FPR7=0000000000000000 0000
XMM00=0000000000000000 0000000000000000 XMM01=0000000000000000 0000000000000000
XMM02=0000000000000000 0000000000000000 XMM03=0000000000000000 0000000000000000
XMM04=0000000000000000 0000000000000000 XMM05=0000000000000000 0000000000000000
XMM06=0000000000000000 0000000000000000 XMM07=0000000000000000 0000000000000000
SMM: enter
EAX=00000000 EBX=00000000 ECX=02000000 EDX=02000628
ESI=0000000b EDI=02000000 EBP=befeb0e0 ESP=00006d5c
EIP=000ebede EFL=00000046 [---Z-P-] CPL=0 II=0 A20=1 SMM=0 HLT=0
ES =0010 00000000 ffffffff 00cf9300 DPL=0 DS   [-WA]
CS =0008 00000000 ffffffff 00cf9b00 DPL=0 CS32 [-RA]
SS =0010 00000000 ffffffff 00cf9300 DPL=0 DS   [-WA]
DS =0010 00000000 ffffffff 00cf9300 DPL=0 DS   [-WA]
FS =0010 00000000 ffffffff 00cf9300 DPL=0 DS   [-WA]
GS =0010 00000000 ffffffff 00cf9300 DPL=0 DS   [-WA]
LDT=0000 00000000 0000ffff 00008200 DPL=0 LDT
TR =0000 00000000 0000ffff 00008b00 DPL=0 TSS32-busy
GDT=     000f6220 00000037
IDT=     000f625e 00000000
CR0=00000011 CR2=00000000 CR3=00000000 CR4=00000000
DR0=0000000000000000 DR1=0000000000000000 DR2=0000000000000000 DR3=0000000000000000 
DR6=00000000ffff0ff0 DR7=0000000000000400
CCS=00000044 CCD=ffffffff CCO=EFLAGS
EFER=0000000000000000
SMM: after RSM
EAX=00000000 EBX=00000000 ECX=02000000 EDX=02000628
ESI=0000000b EDI=02000000 EBP=befeb0e0 ESP=00006d5c
EIP=000ebede EFL=00000046 [---Z-P-] CPL=0 II=0 A20=1 SMM=0 HLT=0
ES =0010 00000000 ffffffff 00c09300 DPL=0 DS   [-WA]
CS =0008 00000000 ffffffff 00c09b00 DPL=0 CS32 [-RA]
SS =0010 00000000 ffffffff 00c09300 DPL=0 DS   [-WA]
DS =0010 00000000 ffffffff 00c09300 DPL=0 DS   [-WA]
FS =0010 00000000 ffffffff 00c09300 DPL=0 DS   [-WA]
GS =0010 00000000 ffffffff 00c09300 DPL=0 DS   [-WA]
LDT=0000 00000000 0000ffff 00008200 DPL=0 LDT
TR =0000 00000000 0000ffff 00008b00 DPL=0 TSS32-busy
GDT=     000f6220 00000037
IDT=     000f625e 00000000
CR0=00000011 CR2=00000000 CR3=00000000 CR4=00000000
DR0=0000000000000000 DR1=0000000000000000 DR2=0000000000000000 DR3=0000000000000000 
DR6=00000000ffff0ff0 DR7=0000000000000400
CCS=00000044 CCD=00000000 CCO=EFLAGS
EFER=0000000000000000
SMM: enter
EAX=000000b5 EBX=000f7d2d ECX=00001234 EDX=00006cff
ESI=00006cb8 EDI=beffee71 EBP=00006c78 ESP=00006c78
EIP=00007d2a EFL=00000006 [-----P-] CPL=0 II=0 A20=1 SMM=0 HLT=0
ES =da80 000da800 ffffffff 008f9300
CS =f000 000f0000 ffffffff 008f9b00
SS =0000 00000000 ffffffff 008f9300
DS =0000 00000000 ffffffff 008f9300
FS =0000 00000000 ffffffff 008f9300
GS =0000 00000000 ffffffff 008f9300
LDT=0000 00000000 0000ffff 00008200
TR =0000 00000000 0000ffff 00008b00
GDT=     00000000 00000000
IDT=     00000000 000003ff
CR0=00000010 CR2=00000000 CR3=00000000 CR4=00000000
DR0=0000000000000000 DR1=0000000000000000 DR2=0000000000000000 DR3=0000000000000000 
DR6=00000000ffff0ff0 DR7=0000000000000400
CCS=00000000 CCD=00006c78 CCO=ADDL
EFER=0000000000000000
SMM: after RSM
EAX=000000b5 EBX=000f7d2d ECX=00001234 EDX=00006cff
ESI=00006cb8 EDI=beffee71 EBP=00006c78 ESP=00006c78
EIP=000f7d2d EFL=00000046 [---Z-P-] CPL=0 II=0 A20=1 SMM=0 HLT=0
ES =0010 00000000 ffffffff 00c09300 DPL=0 DS   [-WA]
CS =0008 00000000 ffffffff 00c09b00 DPL=0 CS32 [-RA]
SS =0010 00000000 ffffffff 00c09300 DPL=0 DS   [-WA]
DS =0010 00000000 ffffffff 00c09300 DPL=0 DS   [-WA]
FS =0010 00000000 ffffffff 00c09300 DPL=0 DS   [-WA]
GS =0010 00000000 ffffffff 00c09300 DPL=0 DS   [-WA]
LDT=0000 00000000 0000ffff 00008200 DPL=0 LDT
TR =0000 00000000 0000ffff 00008b00 DPL=0 TSS32-busy
GDT=     000f6220 00000037
IDT=     000f625e 00000000
CR0=00000011 CR2=00000000 CR3=00000000 CR4=00000000
DR0=0000000000000000 DR1=0000000000000000 DR2=0000000000000000 DR3=0000000000000000 
DR6=00000000ffff0ff0 DR7=0000000000000400
CCS=00000044 CCD=00000000 CCO=EFLAGS
EFER=0000000000000000
SMM: enter
EAX=000000b5 EBX=00007d47 ECX=00005678 EDX=befffe88
ESI=000e9780 EDI=beffee71 EBP=00006c78 ESP=00006c78
EIP=000f7d44 EFL=00000012 [----A--] CPL=0 II=0 A20=1 SMM=0 HLT=0
ES =0010 00000000 ffffffff 00c09300 DPL=0 DS   [-WA]
CS =0008 00000000 ffffffff 00c09b00 DPL=0 CS32 [-RA]
SS =0010 00000000 ffffffff 00c09300 DPL=0 DS   [-WA]
DS =0010 00000000 ffffffff 00c09300 DPL=0 DS   [-WA]
FS =0010 00000000 ffffffff 00c09300 DPL=0 DS   [-WA]
GS =0010 00000000 ffffffff 00c09300 DPL=0 DS   [-WA]
LDT=0000 00000000 0000ffff 00008200 DPL=0 LDT
TR =0000 00000000 0000ffff 00008b00 DPL=0 TSS32-busy
GDT=     000f6220 00000037
IDT=     000f625e 00000000
CR0=00000011 CR2=00000000 CR3=00000000 CR4=00000000
DR0=0000000000000000 DR1=0000000000000000 DR2=0000000000000000 DR3=0000000000000000 
DR6=00000000ffff0ff0 DR7=0000000000000400
CCS=00000008 CCD=00006c64 CCO=ADDL
EFER=0000000000000000
SMM: after RSM
EAX=000000b5 EBX=00007d47 ECX=00005678 EDX=befffe88
ESI=000e9780 EDI=beffee71 EBP=00006c78 ESP=00006c78
EIP=00007d47 EFL=00000006 [-----P-] CPL=0 II=0 A20=1 SMM=0 HLT=0
ES =da80 000da800 ffffffff 00809300
CS =f000 000f0000 ffffffff 00809b00
SS =0000 00000000 ffffffff 00809300
DS =0000 00000000 ffffffff 00809300
FS =0000 00000000 ffffffff 00809300
GS =0000 00000000 ffffffff 00809300
LDT=0000 00000000 0000ffff 00008200
TR =0000 00000000 0000ffff 00008b00
GDT=     00000000 00000000
IDT=     00000000 000003ff
CR0=00000010 CR2=00000000 CR3=00000000 CR4=00000000
DR0=0000000000000000 DR1=0000000000000000 DR2=0000000000000000 DR3=0000000000000000 
DR6=00000000ffff0ff0 DR7=0000000000000400
CCS=00000004 CCD=00000001 CCO=EFLAGS
EFER=0000000000000000
SMM: enter
EAX=000000b5 EBX=000f7d2d ECX=00001234 EDX=000069ff
ESI=000069a2 EDI=beffee71 EBP=00006962 ESP=00006962
EIP=00007d2a EFL=00000002 [-------] CPL=0 II=0 A20=1 SMM=0 HLT=0
ES =da80 000da800 ffffffff 008f9300
CS =f000 000f0000 ffffffff 008f9b00
SS =0000 00000000 ffffffff 008f9300
DS =0000 00000000 ffffffff 008f9300
FS =0000 00000000 ffffffff 008f9300
GS =ca00 000ca000 ffffffff 008f9300
LDT=0000 00000000 0000ffff 00008200
TR =0000 00000000 0000ffff 00008b00
GDT=     00000000 00000000
IDT=     00000000 000003ff
CR0=00000010 CR2=00000000 CR3=00000000 CR4=00000000
DR0=0000000000000000 DR1=0000000000000000 DR2=0000000000000000 DR3=0000000000000000 
DR6=00000000ffff0ff0 DR7=0000000000000400
CCS=00000000 CCD=00006962 CCO=ADDL
EFER=0000000000000000
SMM: after RSM
EAX=000000b5 EBX=000f7d2d ECX=00001234 EDX=000069ff
ESI=000069a2 EDI=beffee71 EBP=00006962 ESP=00006962
EIP=000f7d2d EFL=00000046 [---Z-P-] CPL=0 II=0 A20=1 SMM=0 HLT=0
ES =0010 00000000 ffffffff 00c09300 DPL=0 DS   [-WA]
CS =0008 00000000 ffffffff 00c09b00 DPL=0 CS32 [-RA]
SS =0010 00000000 ffffffff 00c09300 DPL=0 DS   [-WA]
DS =0010 00000000 ffffffff 00c09300 DPL=0 DS   [-WA]
FS =0010 00000000 ffffffff 00c09300 DPL=0 DS   [-WA]
GS =0010 00000000 ffffffff 00c09300 DPL=0 DS   [-WA]
LDT=0000 00000000 0000ffff 00008200 DPL=0 LDT
TR =0000 00000000 0000ffff 00008b00 DPL=0 TSS32-busy
GDT=     000f6220 00000037
IDT=     000f625e 00000000
CR0=00000011 CR2=00000000 CR3=00000000 CR4=00000000
DR0=0000000000000000 DR1=0000000000000000 DR2=0000000000000000 DR3=0000000000000000 
DR6=00000000ffff0ff0 DR7=0000000000000400
CCS=00000044 CCD=00000000 CCO=EFLAGS
EFER=0000000000000000
SMM: enter
EAX=000000b5 EBX=00007d47 ECX=00005678 EDX=00000005
ESI=00000000 EDI=beffee71 EBP=00006962 ESP=00006962
EIP=000f7d44 EFL=00000006 [-----P-] CPL=0 II=0 A20=1 SMM=0 HLT=0
ES =0010 00000000 ffffffff 00c09300 DPL=0 DS   [-WA]
CS =0008 00000000 ffffffff 00c09b00 DPL=0 CS32 [-RA]
SS =0010 00000000 ffffffff 00c09300 DPL=0 DS   [-WA]
DS =0010 00000000 ffffffff 00c09300 DPL=0 DS   [-WA]
FS =0010 00000000 ffffffff 00c09300 DPL=0 DS   [-WA]
GS =0010 00000000 ffffffff 00c09300 DPL=0 DS   [-WA]
LDT=0000 00000000 0000ffff 00008200 DPL=0 LDT
TR =0000 00000000 0000ffff 00008b00 DPL=0 TSS32-busy
GDT=     000f6220 00000037
IDT=     000f625e 00000000
CR0=00000011 CR2=00000000 CR3=00000000 CR4=00000000
DR0=0000000000000000 DR1=0000000000000000 DR2=0000000000000000 DR3=0000000000000000 
DR6=00000000ffff0ff0 DR7=0000000000000400
CCS=00000008 CCD=0000694e CCO=ADDL
EFER=0000000000000000
SMM: after RSM
EAX=000000b5 EBX=00007d47 ECX=00005678 EDX=00000005
ESI=00000000 EDI=beffee71 EBP=00006962 ESP=00006962
EIP=00007d47 EFL=00000002 [-------] CPL=0 II=0 A20=1 SMM=0 HLT=0
ES =da80 000da800 ffffffff 00809300
CS =f000 000f0000 ffffffff 00809b00
SS =0000 00000000 ffffffff 00809300
DS =0000 00000000 ffffffff 00809300
FS =0000 00000000 ffffffff 00809300
GS =ca00 000ca000 ffffffff 00809300
LDT=0000 00000000 0000ffff 00008200
TR =0000 00000000 0000ffff 00008b00
GDT=     00000000 00000000
IDT=     00000000 000003ff
CR0=00000010 CR2=00000000 CR3=00000000 CR4=00000000
DR0=0000000000000000 DR1=0000000000000000 DR2=0000000000000000 DR3=0000000000000000 
DR6=00000000ffff0ff0 DR7=0000000000000400
CCS=00000000 CCD=00000001 CCO=EFLAGS
EFER=0000000000000000
SMM: enter
EAX=000000b5 EBX=000f7d2d ECX=00001234 EDX=000069ff
ESI=0000699c EDI=beffee71 EBP=0000695c ESP=0000695c
EIP=00007d2a EFL=00000006 [-----P-] CPL=0 II=0 A20=1 SMM=0 HLT=0
ES =da80 000da800 ffffffff 00809300
CS =f000 000f0000 ffffffff 00809b00
SS =0000 00000000 ffffffff 00809300
DS =0000 00000000 ffffffff 00809300
FS =0000 00000000 ffffffff 00809300
GS =ca00 000ca000 ffffffff 00809300
LDT=0000 00000000 0000ffff 00008200
TR =0000 00000000 0000ffff 00008b00
GDT=     00000000 00000000
IDT=     00000000 000003ff
CR0=00000010 CR2=00000000 CR3=00000000 CR4=00000000
DR0=0000000000000000 DR1=0000000000000000 DR2=0000000000000000 DR3=0000000000000000 
DR6=00000000ffff0ff0 DR7=0000000000000400
CCS=00000000 CCD=0000695c CCO=ADDL
EFER=0000000000000000
SMM: after RSM
EAX=000000b5 EBX=000f7d2d ECX=00001234 EDX=000069ff
ESI=0000699c EDI=beffee71 EBP=0000695c ESP=0000695c
EIP=000f7d2d EFL=00000046 [---Z-P-] CPL=0 II=0 A20=1 SMM=0 HLT=0
ES =0010 00000000 ffffffff 00c09300 DPL=0 DS   [-WA]
CS =0008 00000000 ffffffff 00c09b00 DPL=0 CS32 [-RA]
SS =0010 00000000 ffffffff 00c09300 DPL=0 DS   [-WA]
DS =0010 00000000 ffffffff 00c09300 DPL=0 DS   [-WA]
FS =0010 00000000 ffffffff 00c09300 DPL=0 DS   [-WA]
GS =0010 00000000 ffffffff 00c09300 DPL=0 DS   [-WA]
LDT=0000 00000000 0000ffff 00008200 DPL=0 LDT
TR =0000 00000000 0000ffff 00008b00 DPL=0 TSS32-busy
GDT=     000f6220 00000037
IDT=     000f625e 00000000
CR0=00000011 CR2=00000000 CR3=00000000 CR4=00000000
DR0=0000000000000000 DR1=0000000000000000 DR2=0000000000000000 DR3=0000000000000000 
DR6=00000000ffff0ff0 DR7=0000000000000400
CCS=00000044 CCD=00000000 CCO=EFLAGS
EFER=0000000000000000
SMM: enter
EAX=000000b5 EBX=00007d47 ECX=00005678 EDX=00000003
ESI=befd2080 EDI=beffee71 EBP=0000695c ESP=0000695c
EIP=000f7d44 EFL=00000006 [-----P-] CPL=0 II=0 A20=1 SMM=0 HLT=0
ES =0010 00000000 ffffffff 00c09300 DPL=0 DS   [-WA]
CS =0008 00000000 ffffffff 00c09b00 DPL=0 CS32 [-RA]
SS =0010 00000000 ffffffff 00c09300 DPL=0 DS   [-WA]
DS =0010 00000000 ffffffff 00c09300 DPL=0 DS   [-WA]
FS =0010 00000000 ffffffff 00c09300 DPL=0 DS   [-WA]
GS =0010 00000000 ffffffff 00c09300 DPL=0 DS   [-WA]
LDT=0000 00000000 0000ffff 00008200 DPL=0 LDT
TR =0000 00000000 0000ffff 00008b00 DPL=0 TSS32-busy
GDT=     000f6220 00000037
IDT=     000f625e 00000000
CR0=00000011 CR2=00000000 CR3=00000000 CR4=00000000
DR0=0000000000000000 DR1=0000000000000000 DR2=0000000000000000 DR3=0000000000000000 
DR6=00000000ffff0ff0 DR7=0000000000000400
CCS=00000008 CCD=00006948 CCO=ADDL
EFER=0000000000000000
SMM: after RSM
EAX=000000b5 EBX=00007d47 ECX=00005678 EDX=00000003
ESI=befd2080 EDI=beffee71 EBP=0000695c ESP=0000695c
EIP=00007d47 EFL=00000006 [-----P-] CPL=0 II=0 A20=1 SMM=0 HLT=0
ES =da80 000da800 ffffffff 00809300
CS =f000 000f0000 ffffffff 00809b00
SS =0000 00000000 ffffffff 00809300
DS =0000 00000000 ffffffff 00809300
FS =0000 00000000 ffffffff 00809300
GS =ca00 000ca000 ffffffff 00809300
LDT=0000 00000000 0000ffff 00008200
TR =0000 00000000 0000ffff 00008b00
GDT=     00000000 00000000
IDT=     00000000 000003ff
CR0=00000010 CR2=00000000 CR3=00000000 CR4=00000000
DR0=0000000000000000 DR1=0000000000000000 DR2=0000000000000000 DR3=0000000000000000 
DR6=00000000ffff0ff0 DR7=0000000000000400
CCS=00000004 CCD=00000001 CCO=EFLAGS
EFER=0000000000000000
SMM: enter
EAX=000000b5 EBX=000f7d2d ECX=00001234 EDX=000069ff
ESI=000069a2 EDI=beffee71 EBP=00006962 ESP=00006962
EIP=00007d2a EFL=00000002 [-------] CPL=0 II=0 A20=1 SMM=0 HLT=0
ES =da80 000da800 ffffffff 00809300
CS =f000 000f0000 ffffffff 00809b00
SS =0000 00000000 ffffffff 00809300
DS =0000 00000000 ffffffff 00809300
FS =0000 00000000 ffffffff 00809300
GS =ca00 000ca000 ffffffff 00809300
LDT=0000 00000000 0000ffff 00008200
TR =0000 00000000 0000ffff 00008b00
GDT=     00000000 00000000
IDT=     00000000 000003ff
CR0=00000010 CR2=00000000 CR3=00000000 CR4=00000000
DR0=0000000000000000 DR1=0000000000000000 DR2=0000000000000000 DR3=0000000000000000 
DR6=00000000ffff0ff0 DR7=0000000000000400
CCS=00000000 CCD=00006962 CCO=ADDL
EFER=0000000000000000
SMM: after RSM
EAX=000000b5 EBX=000f7d2d ECX=00001234 EDX=000069ff
ESI=000069a2 EDI=beffee71 EBP=00006962 ESP=00006962
EIP=000f7d2d EFL=00000046 [---Z-P-] CPL=0 II=0 A20=1 SMM=0 HLT=0
ES =0010 00000000 ffffffff 00c09300 DPL=0 DS   [-WA]
CS =0008 00000000 ffffffff 00c09b00 DPL=0 CS32 [-RA]
SS =0010 00000000 ffffffff 00c09300 DPL=0 DS   [-WA]
DS =0010 00000000 ffffffff 00c09300 DPL=0 DS   [-WA]
FS =0010 00000000 ffffffff 00c09300 DPL=0 DS   [-WA]
GS =0010 00000000 ffffffff 00c09300 DPL=0 DS   [-WA]
LDT=0000 00000000 0000ffff 00008200 DPL=0 LDT
TR =0000 00000000 0000ffff 00008b00 DPL=0 TSS32-busy
GDT=     000f6220 00000037
IDT=     000f625e 00000000
CR0=00000011 CR2=00000000 CR3=00000000 CR4=00000000
DR0=0000000000000000 DR1=0000000000000000 DR2=0000000000000000 DR3=0000000000000000 
DR6=00000000ffff0ff0 DR7=0000000000000400
CCS=00000044 CCD=00000000 CCO=EFLAGS
EFER=0000000000000000
SMM: enter
EAX=000000b5 EBX=00007d47 ECX=00005678 EDX=00000005
ESI=00000000 EDI=beffee71 EBP=00006962 ESP=00006962
EIP=000f7d44 EFL=00000006 [-----P-] CPL=0 II=0 A20=1 SMM=0 HLT=0
ES =0010 00000000 ffffffff 00c09300 DPL=0 DS   [-WA]
CS =0008 00000000 ffffffff 00c09b00 DPL=0 CS32 [-RA]
SS =0010 00000000 ffffffff 00c09300 DPL=0 DS   [-WA]
DS =0010 00000000 ffffffff 00c09300 DPL=0 DS   [-WA]
FS =0010 00000000 ffffffff 00c09300 DPL=0 DS   [-WA]
GS =0010 00000000 ffffffff 00c09300 DPL=0 DS   [-WA]
LDT=0000 00000000 0000ffff 00008200 DPL=0 LDT
TR =0000 00000000 0000ffff 00008b00 DPL=0 TSS32-busy
GDT=     000f6220 00000037
IDT=     000f625e 00000000
CR0=00000011 CR2=00000000 CR3=00000000 CR4=00000000
DR0=0000000000000000 DR1=0000000000000000 DR2=0000000000000000 DR3=0000000000000000 
DR6=00000000ffff0ff0 DR7=0000000000000400
CCS=00000008 CCD=0000694e CCO=ADDL
EFER=0000000000000000
SMM: after RSM
EAX=000000b5 EBX=00007d47 ECX=00005678 EDX=00000005
ESI=00000000 EDI=beffee71 EBP=00006962 ESP=00006962
EIP=00007d47 EFL=00000002 [-------] CPL=0 II=0 A20=1 SMM=0 HLT=0
ES =da80 000da800 ffffffff 00809300
CS =f000 000f0000 ffffffff 00809b00
SS =0000 00000000 ffffffff 00809300
DS =0000 00000000 ffffffff 00809300
FS =0000 00000000 ffffffff 00809300
GS =ca00 000ca000 ffffffff 00809300
LDT=0000 00000000 0000ffff 00008200
TR =0000 00000000 0000ffff 00008b00
GDT=     00000000 00000000
IDT=     00000000 000003ff
CR0=00000010 CR2=00000000 CR3=00000000 CR4=00000000
DR0=0000000000000000 DR1=0000000000000000 DR2=0000000000000000 DR3=0000000000000000 
DR6=00000000ffff0ff0 DR7=0000000000000400
CCS=00000000 CCD=00000001 CCO=EFLAGS
EFER=0000000000000000
SMM: enter
EAX=000000b5 EBX=000f7d2d ECX=00001234 EDX=000069ff
ESI=0000699c EDI=beffee71 EBP=0000695c ESP=0000695c
EIP=00007d2a EFL=00000006 [-----P-] CPL=0 II=0 A20=1 SMM=0 HLT=0
ES =da80 000da800 ffffffff 00809300
CS =f000 000f0000 ffffffff 00809b00
SS =0000 00000000 ffffffff 00809300
DS =0000 00000000 ffffffff 00809300
FS =0000 00000000 ffffffff 00809300
GS =ca00 000ca000 ffffffff 00809300
LDT=0000 00000000 0000ffff 00008200
TR =0000 00000000 0000ffff 00008b00
GDT=     00000000 00000000
IDT=     00000000 000003ff
CR0=00000010 CR2=00000000 CR3=00000000 CR4=00000000
DR0=0000000000000000 DR1=0000000000000000 DR2=0000000000000000 DR3=0000000000000000 
DR6=00000000ffff0ff0 DR7=0000000000000400
CCS=00000000 CCD=0000695c CCO=ADDL
EFER=0000000000000000
SMM: after RSM
EAX=000000b5 EBX=000f7d2d ECX=00001234 EDX=000069ff
ESI=0000699c EDI=beffee71 EBP=0000695c ESP=0000695c
EIP=000f7d2d EFL=00000046 [---Z-P-] CPL=0 II=0 A20=1 SMM=0 HLT=0
ES =0010 00000000 ffffffff 00c09300 DPL=0 DS   [-WA]
CS =0008 00000000 ffffffff 00c09b00 DPL=0 CS32 [-RA]
SS =0010 00000000 ffffffff 00c09300 DPL=0 DS   [-WA]
DS =0010 00000000 ffffffff 00c09300 DPL=0 DS   [-WA]
FS =0010 00000000 ffffffff 00c09300 DPL=0 DS   [-WA]
GS =0010 00000000 ffffffff 00c09300 DPL=0 DS   [-WA]
LDT=0000 00000000 0000ffff 00008200 DPL=0 LDT
TR =0000 00000000 0000ffff 00008b00 DPL=0 TSS32-busy
GDT=     000f6220 00000037
IDT=     000f625e 00000000
CR0=00000011 CR2=00000000 CR3=00000000 CR4=00000000
DR0=0000000000000000 DR1=0000000000000000 DR2=0000000000000000 DR3=0000000000000000 
DR6=00000000ffff0ff0 DR7=0000000000000400
CCS=00000044 CCD=00000000 CCO=EFLAGS
EFER=0000000000000000
SMM: enter
EAX=000000b5 EBX=00007d47 ECX=00005678 EDX=00000003
ESI=bef32080 EDI=beffee71 EBP=0000695c ESP=0000695c
EIP=000f7d44 EFL=00000006 [-----P-] CPL=0 II=0 A20=1 SMM=0 HLT=0
ES =0010 00000000 ffffffff 00c09300 DPL=0 DS   [-WA]
CS =0008 00000000 ffffffff 00c09b00 DPL=0 CS32 [-RA]
SS =0010 00000000 ffffffff 00c09300 DPL=0 DS   [-WA]
DS =0010 00000000 ffffffff 00c09300 DPL=0 DS   [-WA]
FS =0010 00000000 ffffffff 00c09300 DPL=0 DS   [-WA]
GS =0010 00000000 ffffffff 00c09300 DPL=0 DS   [-WA]
LDT=0000 00000000 0000ffff 00008200 DPL=0 LDT
TR =0000 00000000 0000ffff 00008b00 DPL=0 TSS32-busy
GDT=     000f6220 00000037
IDT=     000f625e 00000000
CR0=00000011 CR2=00000000 CR3=00000000 CR4=00000000
DR0=0000000000000000 DR1=0000000000000000 DR2=0000000000000000 DR3=0000000000000000 
DR6=00000000ffff0ff0 DR7=0000000000000400
CCS=00000008 CCD=00006948 CCO=ADDL
EFER=0000000000000000
SMM: after RSM
EAX=000000b5 EBX=00007d47 ECX=00005678 EDX=00000003
ESI=bef32080 EDI=beffee71 EBP=0000695c ESP=0000695c
EIP=00007d47 EFL=00000006 [-----P-] CPL=0 II=0 A20=1 SMM=0 HLT=0
ES =da80 000da800 ffffffff 00809300
CS =f000 000f0000 ffffffff 00809b00
SS =0000 00000000 ffffffff 00809300
DS =0000 00000000 ffffffff 00809300
FS =0000 00000000 ffffffff 00809300
GS =ca00 000ca000 ffffffff 00809300
LDT=0000 00000000 0000ffff 00008200
TR =0000 00000000 0000ffff 00008b00
GDT=     00000000 00000000
IDT=     00000000 000003ff
CR0=00000010 CR2=00000000 CR3=00000000 CR4=00000000
DR0=0000000000000000 DR1=0000000000000000 DR2=0000000000000000 DR3=0000000000000000 
DR6=00000000ffff0ff0 DR7=0000000000000400
CCS=00000004 CCD=00000001 CCO=EFLAGS
EFER=0000000000000000
Servicing hardware INT=0x21
     0: v=21 e=0000 i=0 cpl=0 IP=0018:0000000000103585 pc=0000000000103585 SP=0020:000000000008ffd0 env->regs[R_EAX]=0000000000000000
RAX=0000000000000000 RBX=0000000000000008 RCX=0000000000000000 RDX=00000000000003d5
RSI=000000000000006b RDI=0000000000000000 RBP=000000000008ffd0 RSP=000000000008ffd0
R8 =0000000000000a0a R9 =0000000000000003 R10=00000000000000c0 R11=0000000000100000
R12=0000000000000000 R13=0000000000000000 R14=0000000000005000 R15=0000000000000000
RIP=0000000000103585 RFL=00000246 [---Z-P-] CPL=0 II=0 A20=1 SMM=0 HLT=0
ES =0020 0000000000000000 ffffffff 00cf9300 DPL=0 DS   [-WA]
CS =0018 0000000000000000 ffffffff 00af9a00 DPL=0 CS64 [-R-]
SS =0020 0000000000000000 ffffffff 00cf9300 DPL=0 DS   [-WA]
DS =0020 0000000000000000 ffffffff 00cf9300 DPL=0 DS   [-WA]
FS =0010 0000000000000000 ffffffff 00cf9300 DPL=0 DS   [-WA]
GS =0010 0000000000000000 ffffffff 00cf9300 DPL=0 DS   [-WA]
LDT=0000 0000000000000000 0000ffff 00008200 DPL=0 LDT
TR =0038 0000000000103a50 00000067 00008900 DPL=0 TSS64-avl
GDT=     0000000000103ac0 00000047
IDT=     0000000000107b20 00000fff
CR0=80000011 CR2=0000000000000000 CR3=0000000000070000 CR4=00000020
DR0=0000000000000000 DR1=0000000000000000 DR2=0000000000000000 DR3=0000000000000000 
DR6=00000000ffff0ff0 DR7=0000000000000400
CCS=0000000000000044 CCD=0000000000000000 CCO=EFLAGS
EFER=0000000000000500
Servicing hardware INT=0x21
     1: v=21 e=0000 i=0 cpl=0 IP=0018:0000000000103585 pc=0000000000103585 SP=0020:000000000008ffd0 env->regs[R_EAX]=0000000000000001
RAX=0000000000000001 RBX=0000000000000008 RCX=0000000000000007 RDX=00000000000003d5
RSI=0000000000000000 RDI=000000000008ffb8 RBP=000000000008ffd0 RSP=000000000008ffd0
R8 =0000000000000a0a R9 =0000000000000003 R10=00000000000000c0 R11=0000000000100000
R12=0000000000000000 R13=0000000000000000 R14=0000000000005000 R15=0000000000000000
RIP=0000000000103585 RFL=00000246 [---Z-P-] CPL=0 II=0 A20=1 SMM=0 HLT=0
ES =0020 0000000000000000 ffffffff 00cf9300 DPL=0 DS   [-WA]
CS =0018 0000000000000000 ffffffff 00af9a00 DPL=0 CS64 [-R-]
SS =0020 0000000000000000 ffffffff 00cf9300 DPL=0 DS   [-WA]
DS =0020 0000000000000000 ffffffff 00cf9300 DPL=0 DS   [-WA]
FS =0010 0000000000000000 ffffffff 00cf9300 DPL=0 DS   [-WA]
GS =0010 0000000000000000 ffffffff 00cf9300 DPL=0 DS   [-WA]
LDT=0000 0000000000000000 0000ffff 00008200 DPL=0 LDT
TR =0038 0000000000103a50 00000067 00008900 DPL=0 TSS64-avl
GDT=     0000000000103ac0 00000047
IDT=     0000000000107b20 00000fff
CR0=80000011 CR2=0000000000000000 CR3=0000000000070000 CR4=00000020
DR0=0000000000000000 DR1=0000000000000000 DR2=0000000000000000 DR3=0000000000000000 
DR6=00000000ffff0ff0 DR7=0000000000000400
CCS=0000000000000044 CCD=0000000000000000 CCO=EFLAGS
EFER=0000000000000500
Servicing hardware INT=0x21
     2: v=21 e=0000 i=0 cpl=0 IP=0018:0000000000103585 pc=0000000000103585 SP=0020:000000000008ffd0 env->regs[R_EAX]=0000000000000002
RAX=0000000000000002 RBX=0000000000000008 RCX=0000000000000096 RDX=00000000000003d5
RSI=0000000000000000 RDI=000000000008ffb8 RBP=000000000008ffd0 RSP=000000000008ffd0
R8 =0000000000000a0a R9 =0000000000000003 R10=00000000000000c0 R11=0000000000100000
R12=0000000000000000 R13=0000000000000000 R14=0000000000005000 R15=0000000000000000
RIP=0000000000103585 RFL=00000246 [---Z-P-] CPL=0 II=0 A20=1 SMM=0 HLT=0
ES =0020 0000000000000000 ffffffff 00cf9300 DPL=0 DS   [-WA]
CS =0018 0000000000000000 ffffffff 00af9a00 DPL=0 CS64 [-R-]
SS =0020 0000000000000000 ffffffff 00cf9300 DPL=0 DS   [-WA]
DS =0020 0000000000000000 ffffffff 00cf9300 DPL=0 DS   [-WA]
FS =0010 0000000000000000 ffffffff 00cf9300 DPL=0 DS   [-WA]
GS =0010 0000000000000000 ffffffff 00cf9300 DPL=0 DS   [-WA]
LDT=0000 0000000000000000 0000ffff 00008200 DPL=0 LDT
TR =0038 0000000000103a50 00000067 00008900 DPL=0 TSS64-avl
GDT=     0000000000103ac0 00000047
IDT=     0000000000107b20 00000fff
CR0=80000011 CR2=0000000000000000 CR3=0000000000070000 CR4=00000020
DR0=0000000000000000 DR1=0000000000000000 DR2=0000000000000000 DR3=0000000000000000 
DR6=00000000ffff0ff0 DR7=0000000000000400
CCS=0000000000000044 CCD=0000000000000000 CCO=EFLAGS
EFER=0000000000000500
Servicing hardware INT=0x21
     3: v=21 e=0000 i=0 cpl=0 IP=0018:0000000000103585 pc=0000000000103585 SP=0020:000000000008ffd0 env->regs[R_EAX]=0000000000000003
RAX=0000000000000003 RBX=0000000000000008 RCX=0000000000000007 RDX=00000000000003d5
RSI=0000000000000000 RDI=000000000008ffb8 RBP=000000000008ffd0 RSP=000000000008ffd0
R8 =0000000000000a0a R9 =0000000000000003 R10=00000000000000c0 R11=0000000000100000
R12=0000000000000000 R13=0000000000000000 R14=0000000000005000 R15=0000000000000000
RIP=0000000000103585 RFL=00000246 [---Z-P-] CPL=0 II=0 A20=1 SMM=0 HLT=0
ES =0020 0000000000000000 ffffffff 00cf9300 DPL=0 DS   [-WA]
CS =0018 0000000000000000 ffffffff 00af9a00 DPL=0 CS64 [-R-]
SS =0020 0000000000000000 ffffffff 00cf9300 DPL=0 DS   [-WA]
DS =0020 0000000000000000 ffffffff 00cf9300 DPL=0 DS   [-WA]
FS =0010 0000000000000000 ffffffff 00cf9300 DPL=0 DS   [-WA]
GS =0010 0000000000000000 ffffffff 00cf9300 DPL=0 DS   [-WA]
LDT=0000 0000000000000000 0000ffff 00008200 DPL=0 LDT
TR =0038 0000000000103a50 00000067 00008900 DPL=0 TSS64-avl
GDT=     0000000000103ac0 00000047
IDT=     0000000000107b20 00000fff
CR0=80000011 CR2=0000000000000000 CR3=0000000000070000 CR4=00000020
DR0=0000000000000000 DR1=0000000000000000 DR2=0000000000000000 DR3=0000000000000000 
DR6=00000000ffff0ff0 DR7=0000000000000400
CCS=0000000000000044 CCD=0000000000000000 CCO=EFLAGS
EFER=0000000000000500
Servicing hardware INT=0x21
     4: v=21 e=0000 i=0 cpl=0 IP=0018:0000000000103585 pc=0000000000103585 SP=0020:000000000008ffd0 env->regs[R_EAX]=0000000000000004
RAX=0000000000000004 RBX=0000000000000008 RCX=000000000000009f RDX=00000000000003d5
RSI=0000000000000000 RDI=000000000008ffb8 RBP=000000000008ffd0 RSP=000000000008ffd0
R8 =0000000000000a0a R9 =0000000000000003 R10=00000000000000c0 R11=0000000000100000
R12=0000000000000000 R13=0000000000000000 R14=0000000000005000 R15=0000000000000000
RIP=0000000000103585 RFL=00000246 [---Z-P-] CPL=0 II=0 A20=1 SMM=0 HLT=0
ES =0020 0000000000000000 ffffffff 00cf9300 DPL=0 DS   [-WA]
CS =0018 0000000000000000 ffffffff 00af9a00 DPL=0 CS64 [-R-]
SS =0020 0000000000000000 ffffffff 00cf9300 DPL=0 DS   [-WA]
DS =0020 0000000000000000 ffffffff 00cf9300 DPL=0 DS   [-WA]
FS =0010 0000000000000000 ffffffff 00cf9300 DPL=0 DS   [-WA]
GS =0010 0000000000000000 ffffffff 00cf9300 DPL=0 DS   [-WA]
LDT=0000 0000000000000000 0000ffff 00008200 DPL=0 LDT
TR =0038 0000000000103a50 00000067 00008900 DPL=0 TSS64-avl
GDT=     0000000000103ac0 00000047
IDT=     0000000000107b20 00000fff
CR0=80000011 CR2=0000000000000000 CR3=0000000000070000 CR4=00000020
DR0=0000000000000000 DR1=0000000000000000 DR2=0000000000000000 DR3=0000000000000000 
DR6=00000000ffff0ff0 DR7=0000000000000400
CCS=0000000000000044 CCD=0000000000000000 CCO=EFLAGS
EFER=0000000000000500
Servicing hardware INT=0x21
     5: v=21 e=0000 i=0 cpl=0 IP=0018:0000000000103585 pc=0000000000103585 SP=0020:000000000008ffd0 env->regs[R_EAX]=0000000000000005
RAX=0000000000000005 RBX=0000000000000008 RCX=0000000000000007 RDX=00000000000003d5
RSI=0000000000000000 RDI=000000000008ffb8 RBP=000000000008ffd0 RSP=000000000008ffd0
R8 =0000000000000a0a R9 =0000000000000003 R10=00000000000000c0 R11=0000000000100000
R12=0000000000000000 R13=0000000000000000 R14=0000000000005000 R15=0000000000000000
RIP=0000000000103585 RFL=00000246 [---Z-P-] CPL=0 II=0 A20=1 SMM=0 HLT=0
ES =0020 0000000000000000 ffffffff 00cf9300 DPL=0 DS   [-WA]
CS =0018 0000000000000000 ffffffff 00af9a00 DPL=0 CS64 [-R-]
SS =0020 0000000000000000 ffffffff 00cf9300 DPL=0 DS   [-WA]
DS =0020 0000000000000000 ffffffff 00cf9300 DPL=0 DS   [-WA]
FS =0010 0000000000000000 ffffffff 00cf9300 DPL=0 DS   [-WA]
GS =0010 0000000000000000 ffffffff 00cf9300 DPL=0 DS   [-WA]
LDT=0000 0000000000000000 0000ffff 00008200 DPL=0 LDT
TR =0038 0000000000103a50 00000067 00008900 DPL=0 TSS64-avl
GDT=     0000000000103ac0 00000047
IDT=     0000000000107b20 00000fff
CR0=80000011 CR2=0000000000000000 CR3=0000000000070000 CR4=00000020
DR0=0000000000000000 DR1=0000000000000000 DR2=0000000000000000 DR3=0000000000000000 
DR6=00000000ffff0ff0 DR7=0000000000000400
CCS=0000000000000044 CCD=0000000000000000 CCO=EFLAGS
EFER=0000000000000500
Servicing hardware INT=0x21
     6: v=21 e=0000 i=0 cpl=0 IP=0018:0000000000103585 pc=0000000000103585 SP=0020:000000000008ffd0 env->regs[R_EAX]=0000000000000006
RAX=0000000000000006 RBX=0000000000000008 RCX=0000000000000092 RDX=00000000000003d5
RSI=0000000000000000 RDI=000000000008ffb8 RBP=000000000008ffd0 RSP=000000000008ffd0
R8 =0000000000000a0a R9 =0000000000000003 R10=00000000000000c0 R11=0000000000100000
R12=0000000000000000 R13=0000000000000000 R14=0000000000005000 R15=0000000000000000
RIP=0000000000103585 RFL=00000246 [---Z-P-] CPL=0 II=0 A20=1 SMM=0 HLT=0
ES =0020 0000000000000000 ffffffff 00cf9300 DPL=0 DS   [-WA]
CS =0018 0000000000000000 ffffffff 00af9a00 DPL=0 CS64 [-R-]
SS =0020 0000000000000000 ffffffff 00cf9300 DPL=0 DS   [-WA]
DS =0020 0000000000000000 ffffffff 00cf9300 DPL=0 DS   [-WA]
FS =0010 0000000000000000 ffffffff 00cf9300 DPL=0 DS   [-WA]
GS =0010 0000000000000000 ffffffff 00cf9300 DPL=0 DS   [-WA]
LDT=0000 0000000000000000 0000ffff 00008200 DPL=0 LDT
TR =0038 0000000000103a50 00000067 00008900 DPL=0 TSS64-avl
GDT=     0000000000103ac0 00000047
IDT=     0000000000107b20 00000fff
CR0=80000011 CR2=0000000000000000 CR3=0000000000070000 CR4=00000020
DR0=0000000000000000 DR1=0000000000000000 DR2=0000000000000000 DR3=0000000000000000 
DR6=00000000ffff0ff0 DR7=0000000000000400
CCS=0000000000000044 CCD=0000000000000000 CCO=EFLAGS
EFER=0000000000000500
Servicing hardware INT=0x21
     7: v=21 e=0000 i=0 cpl=0 IP=0018:0000000000103585 pc=0000000000103585 SP=0020:000000000008ffd0 env->regs[R_EAX]=0000000000000007
RAX=0000000000000007 RBX=0000000000000008 RCX=0000000000000007 RDX=00000000000003d5
RSI=0000000000000000 RDI=000000000008ffb8 RBP=000000000008ffd0 RSP=000000000008ffd0
R8 =0000000000000a0a R9 =0000000000000003 R10=00000000000000c0 R11=0000000000100000
R12=0000000000000000 R13=0000000000000000 R14=0000000000005000 R15=0000000000000000
RIP=0000000000103585 RFL=00000246 [---Z-P-] CPL=0 II=0 A20=1 SMM=0 HLT=0
ES =0020 0000000000000000 ffffffff 00cf9300 DPL=0 DS   [-WA]
CS =0018 0000000000000000 ffffffff 00af9a00 DPL=0 CS64 [-R-]
SS =0020 0000000000000000 ffffffff 00cf9300 DPL=0 DS   [-WA]
DS =0020 0000000000000000 ffffffff 00cf9300 DPL=0 DS   [-WA]
FS =0010 0000000000000000 ffffffff 00cf9300 DPL=0 DS   [-WA]
GS =0010 0000000000000000 ffffffff 00cf9300 DPL=0 DS   [-WA]
LDT=0000 0000000000000000 0000ffff 00008200 DPL=0 LDT
TR =0038 0000000000103a50 00000067 00008900 DPL=0 TSS64-avl
GDT=     0000000000103ac0 00000047
IDT=     0000000000107b20 00000fff
CR0=80000011 CR2=0000000000000000 CR3=0000000000070000 CR4=00000020
DR0=0000000000000000 DR1=0000000000000000 DR2=0000000000000000 DR3=0000000000000000 
DR6=00000000ffff0ff0 DR7=0000000000000400
CCS=0000000000000044 CCD=0000000000000000 CCO=EFLAGS
EFER=0000000000000500
Servicing hardware INT=0x21
     8: v=21 e=0000 i=0 cpl=0 IP=0018:0000000000103585 pc=0000000000103585 SP=0020:000000000008ffd0 env->regs[R_EAX]=0000000000000008
RAX=0000000000000008 RBX=0000000000000008 RCX=0000000000000093 RDX=00000000000003d5
RSI=0000000000000000 RDI=000000000008ffb8 RBP=000000000008ffd0 RSP=000000000008ffd0
R8 =0000000000000a0a R9 =0000000000000003 R10=00000000000000c0 R11=0000000000100000
R12=0000000000000000 R13=0000000000000000 R14=0000000000005000 R15=0000000000000000
RIP=0000000000103585 RFL=00000246 [---Z-P-] CPL=0 II=0 A20=1 SMM=0 HLT=0
ES =0020 0000000000000000 ffffffff 00cf9300 DPL=0 DS   [-WA]
CS =0018 0000000000000000 ffffffff 00af9a00 DPL=0 CS64 [-R-]
SS =0020 0000000000000000 ffffffff 00cf9300 DPL=0 DS   [-WA]
DS =0020 0000000000000000 ffffffff 00cf9300 DPL=0 DS   [-WA]
FS =0010 0000000000000000 ffffffff 00cf9300 DPL=0 DS   [-WA]
GS =0010 0000000000000000 ffffffff 00cf9300 DPL=0 DS   [-WA]
LDT=0000 0000000000000000 0000ffff 00008200 DPL=0 LDT
TR =0038 0000000000103a50 00000067 00008900 DPL=0 TSS64-avl
GDT=     0000000000103ac0 00000047
IDT=     0000000000107b20 00000fff
CR0=80000011 CR2=0000000000000000 CR3=0000000000070000 CR4=00000020
DR0=0000000000000000 DR1=0000000000000000 DR2=0000000000000000 DR3=0000000000000000 
DR6=00000000ffff0ff0 DR7=0000000000000400
CCS=0000000000000044 CCD=0000000000000000 CCO=EFLAGS
EFER=0000000000000500
Servicing hardware INT=0x21
     9: v=21 e=0000 i=0 cpl=0 IP=0018:0000000000103585 pc=0000000000103585 SP=0020:000000000008ffd0 env->regs[R_EAX]=0000000000000009
RAX=0000000000000009 RBX=0000000000000008 RCX=0000000000000007 RDX=00000000000003d5
RSI=0000000000000000 RDI=000000000008ffb8 RBP=000000000008ffd0 RSP=000000000008ffd0
R8 =0000000000000a0a R9 =0000000000000003 R10=00000000000000c0 R11=0000000000100000
R12=0000000000000000 R13=0000000000000000 R14=0000000000005000 R15=0000000000000000
RIP=0000000000103585 RFL=00000246 [---Z-P-] CPL=0 II=0 A20=1 SMM=0 HLT=0
ES =0020 0000000000000000 ffffffff 00cf9300 DPL=0 DS   [-WA]
CS =0018 0000000000000000 ffffffff 00af9a00 DPL=0 CS64 [-R-]
SS =0020 0000000000000000 ffffffff 00cf9300 DPL=0 DS   [-WA]
DS =0020 0000000000000000 ffffffff 00cf9300 DPL=0 DS   [-WA]
FS =0010 0000000000000000 ffffffff 00cf9300 DPL=0 DS   [-WA]
GS =0010 0000000000000000 ffffffff 00cf9300 DPL=0 DS   [-WA]
LDT=0000 0000000000000000 0000ffff 00008200 DPL=0 LDT
TR =0038 0000000000103a50 00000067 00008900 DPL=0 TSS64-avl
GDT=     0000000000103ac0 00000047
IDT=     0000000000107b20 00000fff
CR0=80000011 CR2=0000000000000000 CR3=0000000000070000 CR4=00000020
DR0=0000000000000000 DR1=0000000000000000 DR2=0000000000000000 DR3=0000000000000000 
DR6=00000000ffff0ff0 DR7=0000000000000400
CCS=0000000000000044 CCD=0000000000000000 CCO=EFLAGS
EFER=0000000000000500
Servicing hardware INT=0x21
    10: v=21 e=0000 i=0 cpl=0 IP=0018:0000000000103585 pc=0000000000103585 SP=0020:000000000008ffd0 env->regs[R_EAX]=000000000000000a
RAX=000000000000000a RBX=0000000000000008 RCX=0000000000000007 RDX=00000000000003d5
RSI=0000000000000000 RDI=000000000008ffb8 RBP=000000000008ffd0 RSP=000000000008ffd0
R8 =0000000000000a0a R9 =0000000000000003 R10=00000000000000c0 R11=0000000000100000
R12=0000000000000000 R13=0000000000000000 R14=0000000000005000 R15=0000000000000000
RIP=0000000000103585 RFL=00000246 [---Z-P-] CPL=0 II=0 A20=1 SMM=0 HLT=0
ES =0020 0000000000000000 ffffffff 00cf9300 DPL=0 DS   [-WA]
CS =0018 0000000000000000 ffffffff 00af9a00 DPL=0 CS64 [-R-]
SS =0020 0000000000000000 ffffffff 00cf9300 DPL=0 DS   [-WA]
DS =0020 0000000000000000 ffffffff 00cf9300 DPL=0 DS   [-WA]
FS =0010 0000000000000000 ffffffff 00cf9300 DPL=0 DS   [-WA]
GS =0010 0000000000000000 ffffffff 00cf9300 DPL=0 DS   [-WA]
LDT=0000 0000000000000000 0000ffff 00008200 DPL=0 LDT
TR =0038 0000000000103a50 00000067 00008900 DPL=0 TSS64-avl
GDT=     0000000000103ac0 00000047
IDT=     0000000000107b20 00000fff
CR0=80000011 CR2=0000000000000000 CR3=0000000000070000 CR4=00000020
DR0=0000000000000000 DR1=0000000000000000 DR2=0000000000000000 DR3=0000000000000000 
DR6=00000000ffff0ff0 DR7=0000000000000400
CCS=0000000000000044 CCD=0000000000000000 CCO=EFLAGS
EFER=0000000000000500
Servicing hardware INT=0x21
    11: v=21 e=0000 i=0 cpl=0 IP=0018:0000000000103585 pc=0000000000103585 SP=0020:000000000008ffd0 env->regs[R_EAX]=000000000000000b
RAX=000000000000000b RBX=0000000000000008 RCX=0000000000000094 RDX=00000000000003d5
RSI=0000000000000000 RDI=000000000008ffb8 RBP=000000000008ffd0 RSP=000000000008ffd0
R8 =0000000000000a0a R9 =0000000000000003 R10=00000000000000c0 R11=0000000000100000
R12=0000000000000000 R13=0000000000000000 R14=0000000000005000 R15=0000000000000000
RIP=0000000000103585 RFL=00000246 [---Z-P-] CPL=0 II=0 A20=1 SMM=0 HLT=0
ES =0020 0000000000000000 ffffffff 00cf9300 DPL=0 DS   [-WA]
CS =0018 0000000000000000 ffffffff 00af9a00 DPL=0 CS64 [-R-]
SS =0020 0000000000000000 ffffffff 00cf9300 DPL=0 DS   [-WA]
DS =0020 0000000000000000 ffffffff 00cf9300 DPL=0 DS   [-WA]
FS =0010 0000000000000000 ffffffff 00cf9300 DPL=0 DS   [-WA]
GS =0010 0000000000000000 ffffffff 00cf9300 DPL=0 DS   [-WA]
LDT=0000 0000000000000000 0000ffff 00008200 DPL=0 LDT
TR =0038 0000000000103a50 00000067 00008900 DPL=0 TSS64-avl
GDT=     0000000000103ac0 00000047
IDT=     0000000000107b20 00000fff
CR0=80000011 CR2=0000000000000000 CR3=0000000000070000 CR4=00000020
DR0=0000000000000000 DR1=0000000000000000 DR2=0000000000000000 DR3=0000000000000000 
DR6=00000000ffff0ff0 DR7=0000000000000400
CCS=0000000000000044 CCD=0000000000000000 CCO=EFLAGS
EFER=0000000000000500
Servicing hardware INT=0x21
    12: v=21 e=0000 i=0 cpl=0 IP=0018:0000000000103585 pc=0000000000103585 SP=0020:000000000008ffd0 env->regs[R_EAX]=000000000000000c
RAX=000000000000000c RBX=0000000000000008 RCX=0000000000000092 RDX=00000000000003d5
RSI=0000000000000000 RDI=000000000008ffb8 RBP=000000000008ffd0 RSP=000000000008ffd0
R8 =0000000000000a0a R9 =0000000000000003 R10=00000000000000c0 R11=0000000000100000
R12=0000000000000000 R13=0000000000000000 R14=0000000000005000 R15=0000000000000000
RIP=0000000000103585 RFL=00000246 [---Z-P-] CPL=0 II=0 A20=1 SMM=0 HLT=0
ES =0020 0000000000000000 ffffffff 00cf9300 DPL=0 DS   [-WA]
CS =0018 0000000000000000 ffffffff 00af9a00 DPL=0 CS64 [-R-]
SS =0020 0000000000000000 ffffffff 00cf9300 DPL=0 DS   [-WA]
DS =0020 0000000000000000 ffffffff 00cf9300 DPL=0 DS   [-WA]
FS =0010 0000000000000000 ffffffff 00cf9300 DPL=0 DS   [-WA]
GS =0010 0000000000000000 ffffffff 00cf9300 DPL=0 DS   [-WA]
LDT=0000 0000000000000000 0000ffff 00008200 DPL=0 LDT
TR =0038 0000000000103a50 00000067 00008900 DPL=0 TSS64-avl
GDT=     0000000000103ac0 00000047
IDT=     0000000000107b20 00000fff
CR0=80000011 CR2=0000000000000000 CR3=0000000000070000 CR4=00000020
DR0=0000000000000000 DR1=0000000000000000 DR2=0000000000000000 DR3=0000000000000000 
DR6=00000000ffff0ff0 DR7=0000000000000400
CCS=0000000000000044 CCD=0000000000000000 CCO=EFLAGS
EFER=0000000000000500
Servicing hardware INT=0x21
    13: v=21 e=0000 i=0 cpl=0 IP=0018:0000000000103585 pc=0000000000103585 SP=0020:000000000008ffd0 env->regs[R_EAX]=000000000000000d
RAX=000000000000000d RBX=0000000000000008 RCX=0000000000000007 RDX=00000000000003d5
RSI=0000000000000000 RDI=000000000008ffb8 RBP=000000000008ffd0 RSP=000000000008ffd0
R8 =0000000000000a0a R9 =0000000000000003 R10=00000000000000c0 R11=0000000000100000
R12=0000000000000000 R13=0000000000000000 R14=0000000000005000 R15=0000000000000000
RIP=0000000000103585 RFL=00000246 [---Z-P-] CPL=0 II=0 A20=1 SMM=0 HLT=0
ES =0020 0000000000000000 ffffffff 00cf9300 DPL=0 DS   [-WA]
CS =0018 0000000000000000 ffffffff 00af9a00 DPL=0 CS64 [-R-]
SS =0020 0000000000000000 ffffffff 00cf9300 DPL=0 DS   [-WA]
DS =0020 0000000000000000 ffffffff 00cf9300 DPL=0 DS   [-WA]
FS =0010 0000000000000000 ffffffff 00cf9300 DPL=0 DS   [-WA]
GS =0010 0000000000000000 ffffffff 00cf9300 DPL=0 DS   [-WA]
LDT=0000 0000000000000000 0000ffff 00008200 DPL=0 LDT
TR =0038 0000000000103a50 00000067 00008900 DPL=0 TSS64-avl
GDT=     0000000000103ac0 00000047
IDT=     0000000000107b20 00000fff
CR0=80000011 CR2=0000000000000000 CR3=0000000000070000 CR4=00000020
DR0=0000000000000000 DR1=0000000000000000 DR2=0000000000000000 DR3=0000000000000000 
DR6=00000000ffff0ff0 DR7=0000000000000400
CCS=0000000000000044 CCD=0000000000000000 CCO=EFLAGS
EFER=0000000000000500
Servicing hardware INT=0x21
    14: v=21 e=0000 i=0 cpl=0 IP=0018:0000000000103585 pc=0000000000103585 SP=0020:000000000008ffd0 env->regs[R_EAX]=000000000000000e
RAX=000000000000000e RBX=0000000000000008 RCX=000000000000009f RDX=00000000000003d5
RSI=0000000000000000 RDI=000000000008ffb8 RBP=000000000008ffd0 RSP=000000000008ffd0
R8 =0000000000000a0a R9 =0000000000000003 R10=00000000000000c0 R11=0000000000100000
R12=0000000000000000 R13=0000000000000000 R14=0000000000005000 R15=0000000000000000
RIP=0000000000103585 RFL=00000246 [---Z-P-] CPL=0 II=0 A20=1 SMM=0 HLT=0
ES =0020 0000000000000000 ffffffff 00cf9300 DPL=0 DS   [-WA]
CS =0018 0000000000000000 ffffffff 00af9a00 DPL=0 CS64 [-R-]
SS =0020 0000000000000000 ffffffff 00cf9300 DPL=0 DS   [-WA]
DS =0020 0000000000000000 ffffffff 00cf9300 DPL=0 DS   [-WA]
FS =0010 0000000000000000 ffffffff 00cf9300 DPL=0 DS   [-WA]
GS =0010 0000000000000000 ffffffff 00cf9300 DPL=0 DS   [-WA]
LDT=0000 0000000000000000 0000ffff 00008200 DPL=0 LDT
TR =0038 0000000000103a50 00000067 00008900 DPL=0 TSS64-avl
GDT=     0000000000103ac0 00000047
IDT=     0000000000107b20 00000fff
CR0=80000011 CR2=0000000000000000 CR3=0000000000070000 CR4=00000020
DR0=0000000000000000 DR1=0000000000000000 DR2=0000000000000000 DR3=0000000000000000 
DR6=00000000ffff0ff0 DR7=0000000000000400
CCS=0000000000000044 CCD=0000000000000000 CCO=EFLAGS
EFER=0000000000000500
Servicing hardware INT=0x21
    15: v=21 e=0000 i=0 cpl=0 IP=0018:0000000000103585 pc=0000000000103585 SP=0020:000000000008ffd0 env->regs[R_EAX]=000000000000000f
RAX=000000000000000f RBX=0000000000000008 RCX=0000000000000007 RDX=00000000000003d5
RSI=0000000000000000 RDI=000000000008ffb8 RBP=000000000008ffd0 RSP=000000000008ffd0
R8 =0000000000000a0a R9 =0000000000000003 R10=00000000000000c0 R11=0000000000100000
R12=0000000000000000 R13=0000000000000000 R14=0000000000005000 R15=0000000000000000
RIP=0000000000103585 RFL=00000246 [---Z-P-] CPL=0 II=0 A20=1 SMM=0 HLT=0
ES =0020 0000000000000000 ffffffff 00cf9300 DPL=0 DS   [-WA]
CS =0018 0000000000000000 ffffffff 00af9a00 DPL=0 CS64 [-R-]
SS =0020 0000000000000000 ffffffff 00cf9300 DPL=0 DS   [-WA]
DS =0020 0000000000000000 ffffffff 00cf9300 DPL=0 DS   [-WA]
FS =0010 0000000000000000 ffffffff 00cf9300 DPL=0 DS   [-WA]
GS =0010 0000000000000000 ffffffff 00cf9300 DPL=0 DS   [-WA]
LDT=0000 0000000000000000 0000ffff 00008200 DPL=0 LDT
TR =0038 0000000000103a50 00000067 00008900 DPL=0 TSS64-avl
GDT=     0000000000103ac0 00000047
IDT=     0000000000107b20 00000fff
CR0=80000011 CR2=0000000000000000 CR3=0000000000070000 CR4=00000020
DR0=0000000000000000 DR1=0000000000000000 DR2=0000000000000000 DR3=0000000000000000 
DR6=00000000ffff0ff0 DR7=0000000000000400
CCS=0000000000000044 CCD=0000000000000000 CCO=EFLAGS
EFER=0000000000000500
Servicing hardware INT=0x21
    16: v=21 e=0000 i=0 cpl=0 IP=0018:0000000000103585 pc=0000000000103585 SP=0020:000000000008ffd0 env->regs[R_EAX]=0000000000000010
RAX=0000000000000010 RBX=0000000000000008 RCX=0000000000000094 RDX=00000000000003d5
RSI=0000000000000000 RDI=000000000008ffb8 RBP=000000000008ffd0 RSP=000000000008ffd0
R8 =0000000000000a0a R9 =0000000000000003 R10=00000000000000c0 R11=0000000000100000
R12=0000000000000000 R13=0000000000000000 R14=0000000000005000 R15=0000000000000000
RIP=0000000000103585 RFL=00000246 [---Z-P-] CPL=0 II=0 A20=1 SMM=0 HLT=0
ES =0020 0000000000000000 ffffffff 00cf9300 DPL=0 DS   [-WA]
CS =0018 0000000000000000 ffffffff 00af9a00 DPL=0 CS64 [-R-]
SS =0020 0000000000000000 ffffffff 00cf9300 DPL=0 DS   [-WA]
DS =0020 0000000000000000 ffffffff 00cf9300 DPL=0 DS   [-WA]
FS =0010 0000000000000000 ffffffff 00cf9300 DPL=0 DS   [-WA]
GS =0010 0000000000000000 ffffffff 00cf9300 DPL=0 DS   [-WA]
LDT=0000 0000000000000000 0000ffff 00008200 DPL=0 LDT
TR =0038 0000000000103a50 00000067 00008900 DPL=0 TSS64-avl
GDT=     0000000000103ac0 00000047
IDT=     0000000000107b20 00000fff
CR0=80000011 CR2=0000000000000000 CR3=0000000000070000 CR4=00000020
DR0=0000000000000000 DR1=0000000000000000 DR2=0000000000000000 DR3=0000000000000000 
DR6=00000000ffff0ff0 DR7=0000000000000400
CCS=0000000000000044 CCD=0000000000000000 CCO=EFLAGS
EFER=0000000000000500
Servicing hardware INT=0x21
    17: v=21 e=0000 i=0 cpl=3 IP=0033:0000000000400020 pc=0000000000400020 SP=002b:00000000005ffff0 env->regs[R_EAX]=0000000000000000
RAX=0000000000000000 RBX=000000000008ffb8 RCX=0000000000000001 RDX=0000000000000000
RSI=0000000000000075 RDI=0000000000000000 RBP=00000000005ffff0 RSP=00000000005ffff0
R8 =0000000000000f0a R9 =0000000000000004 R10=0000000000000100 R11=0000000000100000
R12=0000000000000000 R13=0000000000000000 R14=0000000000000000 R15=0000000000000000
RIP=0000000000400020 RFL=00000293 [--S-A-C] CPL=3 II=0 A20=1 SMM=0 HLT=0
ES =0000 0000000000000000 ffffffff 00cf1300
CS =0033 0000000000000000 ffffffff 00affa00 DPL=3 CS64 [-R-]
SS =002b 0000000000000000 ffffffff 00cff200 DPL=3 DS   [-W-]
DS =0000 0000000000000000 ffffffff 00cf1300
FS =0000 0000000000000000 ffffffff 00cf1300
GS =0000 0000000000000000 ffffffff 00cf1300
LDT=0000 0000000000000000 0000ffff 00008200 DPL=0 LDT
TR =0038 0000000000103a50 00000067 00008900 DPL=0 TSS64-avl
GDT=     0000000000103ac0 00000047
IDT=     0000000000107b20 00000fff
CR0=80000011 CR2=0000000000000000 CR3=0000000000070000 CR4=00000020
DR0=0000000000000000 DR1=0000000000000000 DR2=0000000000000000 DR3=0000000000000000 
DR6=00000000ffff0ff0 DR7=0000000000000400
CCS=0000000000000091 CCD=fffffffffffffffe CCO=EFLAGS
EFER=0000000000000500
Servicing hardware INT=0x21
    18: v=21 e=0000 i=0 cpl=3 IP=0033:0000000000400020 pc=0000000000400020 SP=002b:00000000005ffff0 env->regs[R_EAX]=0000000000000000
RAX=0000000000000000 RBX=000000000008ffb8 RCX=0000000000000001 RDX=0000000000000000
RSI=0000000000000075 RDI=0000000000000000 RBP=00000000005ffff0 RSP=00000000005ffff0
R8 =0000000000000f0a R9 =0000000000000004 R10=0000000000000100 R11=0000000000100000
R12=0000000000000000 R13=0000000000000000 R14=0000000000000000 R15=0000000000000000
RIP=0000000000400020 RFL=00000293 [--S-A-C] CPL=3 II=0 A20=1 SMM=0 HLT=0
ES =0000 0000000000000000 ffffffff 00cf1300
CS =0033 0000000000000000 ffffffff 00affa00 DPL=3 CS64 [-R-]
SS =002b 0000000000000000 ffffffff 00cff200 DPL=3 DS   [-W-]
DS =0000 0000000000000000 ffffffff 00cf1300
FS =0000 0000000000000000 ffffffff 00cf1300
GS =0000 0000000000000000 ffffffff 00cf1300
LDT=0000 0000000000000000 0000ffff 00008200 DPL=0 LDT
TR =0038 0000000000103a50 00000067 00008900 DPL=0 TSS64-avl
GDT=     0000000000103ac0 00000047
IDT=     0000000000107b20 00000fff
CR0=80000011 CR2=0000000000000000 CR3=0000000000070000 CR4=00000020
DR0=0000000000000000 DR1=0000000000000000 DR2=0000000000000000 DR3=0000000000000000 
DR6=00000000ffff0ff0 DR7=0000000000000400
CCS=0000000000000091 CCD=0000000000000001 CCO=EFLAGS
EFER=0000000000000500
Servicing hardware INT=0x21
    19: v=21 e=0000 i=0 cpl=3 IP=0033:0000000000400020 pc=0000000000400020 SP=002b:00000000005ffff0 env->regs[R_EAX]=0000000000000000
RAX=0000000000000000 RBX=000000000008ffb8 RCX=0000000000000001 RDX=0000000000000000
RSI=0000000000000075 RDI=0000000000000000 RBP=00000000005ffff0 RSP=00000000005ffff0
R8 =0000000000000f0a R9 =0000000000000004 R10=0000000000000100 R11=0000000000100000
R12=0000000000000000 R13=0000000000000000 R14=0000000000000000 R15=0000000000000000
RIP=0000000000400020 RFL=00000293 [--S-A-C] CPL=3 II=0 A20=1 SMM=0 HLT=0
ES =0000 0000000000000000 ffffffff 00cf1300
CS =0033 0000000000000000 ffffffff 00affa00 DPL=3 CS64 [-R-]
SS =002b 0000000000000000 ffffffff 00cff200 DPL=3 DS   [-W-]
DS =0000 0000000000000000 ffffffff 00cf1300
FS =0000 0000000000000000 ffffffff 00cf1300
GS =0000 0000000000000000 ffffffff 00cf1300
LDT=0000 0000000000000000 0000ffff 00008200 DPL=0 LDT
TR =0038 0000000000103a50 00000067 00008900 DPL=0 TSS64-avl
GDT=     0000000000103ac0 00000047
IDT=     0000000000107b20 00000fff
CR0=80000011 CR2=0000000000000000 CR3=0000000000070000 CR4=00000020
DR0=0000000000000000 DR1=0000000000000000 DR2=0000000000000000 DR3=0000000000000000 
DR6=00000000ffff0ff0 DR7=0000000000000400
CCS=0000000000000091 CCD=0000000000000002 CCO=EFLAGS
EFER=0000000000000500
Servicing hardware INT=0x21
    20: v=21 e=0000 i=0 cpl=3 IP=0033:0000000000400020 pc=0000000000400020 SP=002b:00000000005ffff0 env->regs[R_EAX]=0000000000000000
RAX=0000000000000000 RBX=000000000008ffb8 RCX=0000000000000001 RDX=0000000000000000
RSI=0000000000000075 RDI=0000000000000000 RBP=00000000005ffff0 RSP=00000000005ffff0
R8 =0000000000000f0a R9 =0000000000000004 R10=0000000000000100 R11=0000000000100000
R12=0000000000000000 R13=0000000000000000 R14=0000000000000000 R15=0000000000000000
RIP=0000000000400020 RFL=00000293 [--S-A-C] CPL=3 II=0 A20=1 SMM=0 HLT=0
ES =0000 0000000000000000 ffffffff 00cf1300
CS =0033 0000000000000000 ffffffff 00affa00 DPL=3 CS64 [-R-]
SS =002b 0000000000000000 ffffffff 00cff200 DPL=3 DS   [-W-]
DS =0000 0000000000000000 ffffffff 00cf1300
FS =0000 0000000000000000 ffffffff 00cf1300
GS =0000 0000000000000000 ffffffff 00cf1300
LDT=0000 0000000000000000 0000ffff 00008200 DPL=0 LDT
TR =0038 0000000000103a50 00000067 00008900 DPL=0 TSS64-avl
GDT=     0000000000103ac0 00000047
IDT=     0000000000107b20 00000fff
CR0=80000011 CR2=0000000000000000 CR3=0000000000070000 CR4=00000020
DR0=0000000000000000 DR1=0000000000000000 DR2=0000000000000000 DR3=0000000000000000 
DR6=00000000ffff0ff0 DR7=0000000000000400
CCS=0000000000000091 CCD=0000000000000003 CCO=EFLAGS
EFER=0000000000000500
Servicing hardware INT=0x21
    21: v=21 e=0000 i=0 cpl=3 IP=0033:0000000000400020 pc=0000000000400020 SP=002b:00000000005ffff0 env->regs[R_EAX]=0000000000000000
RAX=0000000000000000 RBX=000000000008ffb8 RCX=0000000000000001 RDX=0000000000000000
RSI=0000000000000075 RDI=0000000000000000 RBP=00000000005ffff0 RSP=00000000005ffff0
R8 =0000000000000f0a R9 =0000000000000004 R10=0000000000000100 R11=0000000000100000
R12=0000000000000000 R13=0000000000000000 R14=0000000000000000 R15=0000000000000000
RIP=0000000000400020 RFL=00000293 [--S-A-C] CPL=3 II=0 A20=1 SMM=0 HLT=0
ES =0000 0000000000000000 ffffffff 00cf1300
CS =0033 0000000000000000 ffffffff 00affa00 DPL=3 CS64 [-R-]
SS =002b 0000000000000000 ffffffff 00cff200 DPL=3 DS   [-W-]
DS =0000 0000000000000000 ffffffff 00cf1300
FS =0000 0000000000000000 ffffffff 00cf1300
GS =0000 0000000000000000 ffffffff 00cf1300
LDT=0000 0000000000000000 0000ffff 00008200 DPL=0 LDT
TR =0038 0000000000103a50 00000067 00008900 DPL=0 TSS64-avl
GDT=     0000000000103ac0 00000047
IDT=     0000000000107b20 00000fff
CR0=80000011 CR2=0000000000000000 CR3=0000000000070000 CR4=00000020
DR0=0000000000000000 DR1=0000000000000000 DR2=0000000000000000 DR3=0000000000000000 
DR6=00000000ffff0ff0 DR7=0000000000000400
CCS=0000000000000091 CCD=0000000000000004 CCO=EFLAGS
EFER=0000000000000500
Servicing hardware INT=0x21
    22: v=21 e=0000 i=0 cpl=3 IP=0033:0000000000400020 pc=0000000000400020 SP=002b:00000000005ffff0 env->regs[R_EAX]=0000000000000000
RAX=0000000000000000 RBX=000000000008ffb8 RCX=0000000000000001 RDX=0000000000000000
RSI=0000000000000075 RDI=0000000000000000 RBP=00000000005ffff0 RSP=00000000005ffff0
R8 =0000000000000f0a R9 =0000000000000004 R10=0000000000000100 R11=0000000000100000
R12=0000000000000000 R13=0000000000000000 R14=0000000000000000 R15=0000000000000000
RIP=0000000000400020 RFL=00000293 [--S-A-C] CPL=3 II=0 A20=1 SMM=0 HLT=0
ES =0000 0000000000000000 ffffffff 00cf1300
CS =0033 0000000000000000 ffffffff 00affa00 DPL=3 CS64 [-R-]
SS =002b 0000000000000000 ffffffff 00cff200 DPL=3 DS   [-W-]
DS =0000 0000000000000000 ffffffff 00cf1300
FS =0000 0000000000000000 ffffffff 00cf1300
GS =0000 0000000000000000 ffffffff 00cf1300
LDT=0000 0000000000000000 0000ffff 00008200 DPL=0 LDT
TR =0038 0000000000103a50 00000067 00008900 DPL=0 TSS64-avl
GDT=     0000000000103ac0 00000047
IDT=     0000000000107b20 00000fff
CR0=80000011 CR2=0000000000000000 CR3=0000000000070000 CR4=00000020
DR0=0000000000000000 DR1=0000000000000000 DR2=0000000000000000 DR3=0000000000000000 
DR6=00000000ffff0ff0 DR7=0000000000000400
CCS=0000000000000091 CCD=0000000000000005 CCO=EFLAGS
EFER=0000000000000500
Servicing hardware INT=0x21
    23: v=21 e=0000 i=0 cpl=3 IP=0033:0000000000400020 pc=0000000000400020 SP=002b:00000000005ffff0 env->regs[R_EAX]=0000000000000000
RAX=0000000000000000 RBX=000000000008ffb8 RCX=0000000000000001 RDX=0000000000000000
RSI=0000000000000075 RDI=0000000000000000 RBP=00000000005ffff0 RSP=00000000005ffff0
R8 =0000000000000f0a R9 =0000000000000004 R10=0000000000000100 R11=0000000000100000
R12=0000000000000000 R13=0000000000000000 R14=0000000000000000 R15=0000000000000000
RIP=0000000000400020 RFL=00000293 [--S-A-C] CPL=3 II=0 A20=1 SMM=0 HLT=0
ES =0000 0000000000000000 ffffffff 00cf1300
CS =0033 0000000000000000 ffffffff 00affa00 DPL=3 CS64 [-R-]
SS =002b 0000000000000000 ffffffff 00cff200 DPL=3 DS   [-W-]
DS =0000 0000000000000000 ffffffff 00cf1300
FS =0000 0000000000000000 ffffffff 00cf1300
GS =0000 0000000000000000 ffffffff 00cf1300
LDT=0000 0000000000000000 0000ffff 00008200 DPL=0 LDT
TR =0038 0000000000103a50 00000067 00008900 DPL=0 TSS64-avl
GDT=     0000000000103ac0 00000047
IDT=     0000000000107b20 00000fff
CR0=80000011 CR2=0000000000000000 CR3=0000000000070000 CR4=00000020
DR0=0000000000000000 DR1=0000000000000000 DR2=0000000000000000 DR3=0000000000000000 
DR6=00000000ffff0ff0 DR7=0000000000000400
CCS=0000000000000091 CCD=0000000000000006 CCO=EFLAGS
EFER=0000000000000500
Servicing hardware INT=0x21
    24: v=21 e=0000 i=0 cpl=3 IP=0033:0000000000400020 pc=0000000000400020 SP=002b:00000000005ffff0 env->regs[R_EAX]=0000000000000000
RAX=0000000000000000 RBX=000000000008ffb8 RCX=0000000000000001 RDX=0000000000000000
RSI=0000000000000075 RDI=0000000000000000 RBP=00000000005ffff0 RSP=00000000005ffff0
R8 =0000000000000f0a R9 =0000000000000004 R10=0000000000000100 R11=0000000000100000
R12=0000000000000000 R13=0000000000000000 R14=0000000000000000 R15=0000000000000000
RIP=0000000000400020 RFL=00000293 [--S-A-C] CPL=3 II=0 A20=1 SMM=0 HLT=0
ES =0000 0000000000000000 ffffffff 00cf1300
CS =0033 0000000000000000 ffffffff 00affa00 DPL=3 CS64 [-R-]
SS =002b 0000000000000000 ffffffff 00cff200 DPL=3 DS   [-W-]
DS =0000 0000000000000000 ffffffff 00cf1300
FS =0000 0000000000000000 ffffffff 00cf1300
GS =0000 0000000000000000 ffffffff 00cf1300
LDT=0000 0000000000000000 0000ffff 00008200 DPL=0 LDT
TR =0038 0000000000103a50 00000067 00008900 DPL=0 TSS64-avl
GDT=     0000000000103ac0 00000047
IDT=     0000000000107b20 00000fff
CR0=80000011 CR2=0000000000000000 CR3=0000000000070000 CR4=00000020
DR0=0000000000000000 DR1=0000000000000000 DR2=0000000000000000 DR3=0000000000000000 
DR6=00000000ffff0ff0 DR7=0000000000000400
CCS=0000000000000091 CCD=0000000000000007 CCO=EFLAGS
EFER=0000000000000500
Servicing hardware INT=0x21
    25: v=21 e=0000 i=0 cpl=3 IP=0033:0000000000400020 pc=0000000000400020 SP=002b:00000000005ffff0 env->regs[R_EAX]=0000000000000000
RAX=0000000000000000 RBX=000000000008ffb8 RCX=0000000000000001 RDX=0000000000000000
RSI=0000000000000075 RDI=0000000000000000 RBP=00000000005ffff0 RSP=00000000005ffff0
R8 =0000000000000f0a R9 =0000000000000004 R10=0000000000000100 R11=0000000000100000
R12=0000000000000000 R13=0000000000000000 R14=0000000000000000 R15=0000000000000000
RIP=0000000000400020 RFL=00000293 [--S-A-C] CPL=3 II=0 A20=1 SMM=0 HLT=0
ES =0000 0000000000000000 ffffffff 00cf1300
CS =0033 0000000000000000 ffffffff 00affa00 DPL=3 CS64 [-R-]
SS =002b 0000000000000000 ffffffff 00cff200 DPL=3 DS   [-W-]
DS =0000 0000000000000000 ffffffff 00cf1300
FS =0000 0000000000000000 ffffffff 00cf1300
GS =0000 0000000000000000 ffffffff 00cf1300
LDT=0000 0000000000000000 0000ffff 00008200 DPL=0 LDT
TR =0038 0000000000103a50 00000067 00008900 DPL=0 TSS64-avl
GDT=     0000000000103ac0 00000047
IDT=     0000000000107b20 00000fff
CR0=80000011 CR2=0000000000000000 CR3=0000000000070000 CR4=00000020
DR0=0000000000000000 DR1=0000000000000000 DR2=0000000000000000 DR3=0000000000000000 
DR6=00000000ffff0ff0 DR7=0000000000000400
CCS=0000000000000091 CCD=0000000000000008 CCO=EFLAGS
EFER=0000000000000500
Servicing hardware INT=0x21
    26: v=21 e=0000 i=0 cpl=3 IP=0033:0000000000400020 pc=0000000000400020 SP=002b:00000000005ffff0 env->regs[R_EAX]=0000000000000000
RAX=0000000000000000 RBX=000000000008ffb8 RCX=0000000000000001 RDX=0000000000000000
RSI=0000000000000075 RDI=0000000000000000 RBP=00000000005ffff0 RSP=00000000005ffff0
R8 =0000000000000f0a R9 =0000000000000004 R10=0000000000000100 R11=0000000000100000
R12=0000000000000000 R13=0000000000000000 R14=0000000000000000 R15=0000000000000000
RIP=0000000000400020 RFL=00000293 [--S-A-C] CPL=3 II=0 A20=1 SMM=0 HLT=0
ES =0000 0000000000000000 ffffffff 00cf1300
CS =0033 0000000000000000 ffffffff 00affa00 DPL=3 CS64 [-R-]
SS =002b 0000000000000000 ffffffff 00cff200 DPL=3 DS   [-W-]
DS =0000 0000000000000000 ffffffff 00cf1300
FS =0000 0000000000000000 ffffffff 00cf1300
GS =0000 0000000000000000 ffffffff 00cf1300
LDT=0000 0000000000000000 0000ffff 00008200 DPL=0 LDT
TR =0038 0000000000103a50 00000067 00008900 DPL=0 TSS64-avl
GDT=     0000000000103ac0 00000047
IDT=     0000000000107b20 00000fff
CR0=80000011 CR2=0000000000000000 CR3=0000000000070000 CR4=00000020
DR0=0000000000000000 DR1=0000000000000000 DR2=0000000000000000 DR3=0000000000000000 
DR6=00000000ffff0ff0 DR7=0000000000000400
CCS=0000000000000091 CCD=0000000000000009 CCO=EFLAGS
EFER=0000000000000500
Servicing hardware INT=0x21
    27: v=21 e=0000 i=0 cpl=3 IP=0033:0000000000400020 pc=0000000000400020 SP=002b:00000000005ffff0 env->regs[R_EAX]=0000000000000000
RAX=0000000000000000 RBX=000000000008ffb8 RCX=0000000000000001 RDX=0000000000000000
RSI=0000000000000075 RDI=0000000000000000 RBP=00000000005ffff0 RSP=00000000005ffff0
R8 =0000000000000f0a R9 =0000000000000004 R10=0000000000000100 R11=0000000000100000
R12=0000000000000000 R13=0000000000000000 R14=0000000000000000 R15=0000000000000000
RIP=0000000000400020 RFL=00000293 [--S-A-C] CPL=3 II=0 A20=1 SMM=0 HLT=0
ES =0000 0000000000000000 ffffffff 00cf1300
CS =0033 0000000000000000 ffffffff 00affa00 DPL=3 CS64 [-R-]
SS =002b 0000000000000000 ffffffff 00cff200 DPL=3 DS   [-W-]
DS =0000 0000000000000000 ffffffff 00cf1300
FS =0000 0000000000000000 ffffffff 00cf1300
GS =0000 0000000000000000 ffffffff 00cf1300
LDT=0000 0000000000000000 0000ffff 00008200 DPL=0 LDT
TR =0038 0000000000103a50 00000067 00008900 DPL=0 TSS64-avl
GDT=     0000000000103ac0 00000047
IDT=     0000000000107b20 00000fff
CR0=80000011 CR2=0000000000000000 CR3=0000000000070000 CR4=00000020
DR0=0000000000000000 DR1=0000000000000000 DR2=0000000000000000 DR3=0000000000000000 
DR6=00000000ffff0ff0 DR7=0000000000000400
CCS=0000000000000091 CCD=000000000000000a CCO=EFLAGS
EFER=0000000000000500
Servicing hardware INT=0x21
    28: v=21 e=0000 i=0 cpl=3 IP=0033:0000000000400020 pc=0000000000400020 SP=002b:00000000005ffff0 env->regs[R_EAX]=0000000000000000
RAX=0000000000000000 RBX=000000000008ffb8 RCX=0000000000000001 RDX=0000000000000000
RSI=0000000000000075 RDI=0000000000000000 RBP=00000000005ffff0 RSP=00000000005ffff0
R8 =0000000000000f0a R9 =0000000000000004 R10=0000000000000100 R11=0000000000100000
R12=0000000000000000 R13=0000000000000000 R14=0000000000000000 R15=0000000000000000
RIP=0000000000400020 RFL=00000293 [--S-A-C] CPL=3 II=0 A20=1 SMM=0 HLT=0
ES =0000 0000000000000000 ffffffff 00cf1300
CS =0033 0000000000000000 ffffffff 00affa00 DPL=3 CS64 [-R-]
SS =002b 0000000000000000 ffffffff 00cff200 DPL=3 DS   [-W-]
DS =0000 0000000000000000 ffffffff 00cf1300
FS =0000 0000000000000000 ffffffff 00cf1300
GS =0000 0000000000000000 ffffffff 00cf1300
LDT=0000 0000000000000000 0000ffff 00008200 DPL=0 LDT
TR =0038 0000000000103a50 00000067 00008900 DPL=0 TSS64-avl
GDT=     0000000000103ac0 00000047
IDT=     0000000000107b20 00000fff
CR0=80000011 CR2=0000000000000000 CR3=0000000000070000 CR4=00000020
DR0=0000000000000000 DR1=0000000000000000 DR2=0000000000000000 DR3=0000000000000000 
DR6=00000000ffff0ff0 DR7=0000000000000400
CCS=0000000000000091 CCD=000000000000000b CCO=EFLAGS
EFER=0000000000000500
Servicing hardware INT=0x21
    29: v=21 e=0000 i=0 cpl=3 IP=0033:0000000000400020 pc=0000000000400020 SP=002b:00000000005ffff0 env->regs[R_EAX]=0000000000000000
RAX=0000000000000000 RBX=000000000008ffb8 RCX=0000000000000001 RDX=0000000000000000
RSI=0000000000000075 RDI=0000000000000000 RBP=00000000005ffff0 RSP=00000000005ffff0
R8 =0000000000000f0a R9 =0000000000000004 R10=0000000000000100 R11=0000000000100000
R12=0000000000000000 R13=0000000000000000 R14=0000000000000000 R15=0000000000000000
RIP=0000000000400020 RFL=00000293 [--S-A-C] CPL=3 II=0 A20=1 SMM=0 HLT=0
ES =0000 0000000000000000 ffffffff 00cf1300
CS =0033 0000000000000000 ffffffff 00affa00 DPL=3 CS64 [-R-]
SS =002b 0000000000000000 ffffffff 00cff200 DPL=3 DS   [-W-]
DS =0000 0000000000000000 ffffffff 00cf1300
FS =0000 0000000000000000 ffffffff 00cf1300
GS =0000 0000000000000000 ffffffff 00cf1300
LDT=0000 0000000000000000 0000ffff 00008200 DPL=0 LDT
TR =0038 0000000000103a50 00000067 00008900 DPL=0 TSS64-avl
GDT=     0000000000103ac0 00000047
IDT=     0000000000107b20 00000fff
CR0=80000011 CR2=0000000000000000 CR3=0000000000070000 CR4=00000020
DR0=0000000000000000 DR1=0000000000000000 DR2=0000000000000000 DR3=0000000000000000 
DR6=00000000ffff0ff0 DR7=0000000000000400
CCS=0000000000000091 CCD=000000000000000c CCO=EFLAGS
EFER=0000000000000500
